
> frontend@0.1.0 build
> next build

node.exe : ΓÜá Warning: Next.js inferred your 
workspace root, but it may not be correct.
At C:\nvm4w\nodejs\npm.ps1:29 char:3
+   & $NODE_EXE $NPM_CLI_JS $args
+   ~~~~~~~~~~~~~~~~~~~~~~~~~~~~~
    + CategoryInfo          : NotSpecified: (ΓÜá Warn 
   ing: Ne...not be correct.:String) [], RemoteExcep  
  tion
    + FullyQualifiedErrorId : NativeCommandError
 
 We detected multiple lockfiles and selected the 
directory of C:\Users\acer\package-lock.json as the 
root directory.
 To silence this warning, set `turbopack.root` in 
your Next.js config, or consider removing one of the 
lockfiles if it's not needed.
   See https://nextjs.org/docs/app/api-reference/confi
g/next-config-js/turbopack#root-directory for more 
information.
 Detected additional lockfiles: 
   * 
C:\Users\acer\Downloads\ehr\frontend\package-lock.json

Γû▓ Next.js 16.1.5 (Turbopack)

  Creating an optimized production build ...
Γ£ô Compiled successfully in 3.6s
  Running TypeScript ...
  Collecting page data using 11 workers ...
  Generating static pages using 11 workers (0/15) ...
Γ¿» useSearchParams() should be wrapped in a suspense 
boundary at page "/login". Read more: https://nextjs.o
rg/docs/messages/missing-suspense-with-csr-bailout
    at Q (C:\Users\acer\Downloads\ehr\frontend\.next\s
erver\chunks\ssr\d1c0e_next_47f971f9._.js:2:2111)
    at o (C:\Users\acer\Downloads\ehr\frontend\.next\s
erver\chunks\ssr\d1c0e_next_47f971f9._.js:4:5283)
    at k (C:\Users\acer\Downloads\ehr\frontend\.next\s
erver\chunks\ssr\[root-of-the-server]__4e986f63._.js:1
:3676)
    at an (C:\Users\acer\Downloads\ehr\frontend\node_m
odules\next\dist\compiled\next-server\app-page-turbo.r
untime.prod.js:2:84360)
    at ai (C:\Users\acer\Downloads\ehr\frontend\node_m
odules\next\dist\compiled\next-server\app-page-turbo.r
untime.prod.js:2:86179)
    at al (C:\Users\acer\Downloads\ehr\frontend\node_m
odules\next\dist\compiled\next-server\app-page-turbo.r
untime.prod.js:2:107953)
    at as (C:\Users\acer\Downloads\ehr\frontend\node_m
odules\next\dist\compiled\next-server\app-page-turbo.r
untime.prod.js:2:105368)
    at aa (C:\Users\acer\Downloads\ehr\frontend\node_m
odules\next\dist\compiled\next-server\app-page-turbo.r
untime.prod.js:2:84712)
    at ai (C:\Users\acer\Downloads\ehr\frontend\node_m
odules\next\dist\compiled\next-server\app-page-turbo.r
untime.prod.js:2:86228)
    at ai (C:\Users\acer\Downloads\ehr\frontend\node_m
odules\next\dist\compiled\next-server\app-page-turbo.r
untime.prod.js:2:104708)
Error occurred prerendering page "/login". Read more: 
https://nextjs.org/docs/messages/prerender-error
Export encountered an error on /(auth)/login/page: 
/login, exiting the build.
Γ¿» Next.js build worker exited with code: 1 and 
signal: null
